// 重构日志: 83e6bec7
// 重构日志: 3da707b4
// 同步 ID: 7ef59405 @ Tue Jul 21 16:38:59 UTC 2026
// 同步 ID: e25cae32 @ Wed Jul 22 05:34:57 UTC 2026
// 同步 ID: dc1385b8 @ Wed Jul 22 18:52:11 UTC 2026
// 重构日志: 551b6a61
// 重构日志: 5f4fc69a
// 重构日志: 928be96b
// 重构日志: eae8d991
// 同步 ID: 006375b5 @ Sat Jul 25 09:27:04 UTC 2026
// 重构日志: 5a71c684
// 同步 ID: 3888287a @ Sat Jul 25 16:25:35 UTC 2026
// 重构日志: 5d78e173
// 重构日志: ebc502c4
// 重构日志: f7c96d1b
// 重构日志: f2bc730d
// 重构日志: 4870682d
// 同步 ID: 918a9617 @ Mon Jul 27 09:35:21 UTC 2026
// 重构日志: 88b7b3ac
// 重构日志: f58a2ae5
// 重构日志: d2db2d26
// 重构日志: 2148fd2f
// 同步 ID: 761cbaab @ Wed Jul 29 11:52:44 UTC 2026
// 重构日志: e3fbc6de
// 重构日志: 0246fc73
// 重构日志: e3781361
// 同步 ID: a88221fc @ Sat Aug  1 11:19:32 UTC 2026
// 重构日志: 6f1072ac
// 同步 ID: 99527682 @ Sat Aug  1 16:39:53 UTC 2026
// 同步 ID: 4c161bb3 @ Sat Aug  1 22:08:05 UTC 2026
